// Vitest Snapshot v1, https://vitest.dev/guide/snapshot.html

exports[`DocumentListItem > renders 1`] = `
<div>
  <a
    class="document-list-item svelte-o1ttsh"
    href="https://www.dev.documentcloud.org/documents/24002098-quarterly-reports-created-pursuant-to-the-letter-from-the-national-archives-and-records-administration-dated-june-1-2018/"
  >
    <div
      class="thumbnail svelte-o1ttsh"
    >
      <img
        alt="Page 1, Quarterly Reports created pursuant to the letter from the National Archives and Records Administration dated June 1, 2018"
        class="svelte-o1ttsh"
        height="77.64705882352942px"
        loading="lazy"
        src="https://s3.documentcloud.org/documents/24002098/pages/quarterly-reports-created-pursuant-to-the-letter-from-the-national-archives-and-records-administration-dated-june-1-2018-p1-thumbnail.gif"
        width="60px"
      />
       
    </div>
     
    <div
      class="documentInfo svelte-o1ttsh"
    >
      <div
        class="head svelte-o1ttsh"
      >
        <h3
          class="title svelte-o1ttsh"
        >
          Quarterly Reports created pursuant to the letter from the National Archives and Records Administration dated June 1, 2018
        </h3>
         
        <div
          class="access svelte-o1ttsh"
        >
          <div
            class="access public svelte-o63adk"
          >
            <svg
              class="octicon octicon-globe"
              height="1em"
              viewBox="0 0 24 24"
              width="1em"
              xmlns="http://www.w3.org/2000/svg"
            >
              <path
                d="M12 1c6.075 0 11 4.925 11 11s-4.925 11-11 11S1 18.075 1 12 5.925 1 12 1Zm3.241 10.5v-.001c-.1-2.708-.992-4.904-1.89-6.452a13.919 13.919 0 0 0-1.304-1.88L12 3.11l-.047.059c-.354.425-.828 1.06-1.304 1.88-.898 1.547-1.79 3.743-1.89 6.451Zm-12.728 0h4.745c.1-3.037 1.1-5.49 2.093-7.204.39-.672.78-1.233 1.119-1.673C6.11 3.329 2.746 7 2.513 11.5Zm18.974 0C21.254 7 17.89 3.329 13.53 2.623c.339.44.729 1.001 1.119 1.673.993 1.714 1.993 4.167 2.093 7.204ZM8.787 13c.182 2.478 1.02 4.5 1.862 5.953.382.661.818 1.29 1.304 1.88l.047.057.047-.059c.354-.425.828-1.06 1.304-1.88.842-1.451 1.679-3.471 1.862-5.951Zm-1.504 0H2.552a9.505 9.505 0 0 0 7.918 8.377 15.773 15.773 0 0 1-1.119-1.673C8.413 18.085 7.47 15.807 7.283 13Zm9.434 0c-.186 2.807-1.13 5.085-2.068 6.704-.39.672-.78 1.233-1.118 1.673A9.506 9.506 0 0 0 21.447 13Z"
              />
            </svg>
             
            Public
          </div>
        </div>
      </div>
       
      <p
        class="meta svelte-o1ttsh"
      >
        20 pages
         -
      
         
        Mitchell Kotler (MuckRock)
         -
         
        Mon Oct 02 2023
      </p>
       
      <div
        class="data svelte-o1ttsh"
      />
    </div>
  </a>
</div>
`;
