// Vitest Snapshot v1, https://vitest.dev/guide/snapshot.html

exports[`Sort.svelte > renders and opens menu for snapshot 1`] = `
<div>
   
  <div
    class="anchor svelte-v01npp open"
    role="button"
    tabindex="0"
  >
    <span
      class="sidebarItem container svelte-1epk331"
      role="button"
      tabindex="0"
      title=""
    >
      <div
        class="labelIcon svelte-6mnr72"
        slot="start"
      >
        <svg
          class="octicon octicon-sort-desc"
          height="16"
          viewBox="0 0 16 16"
          width="16"
          xmlns="http://www.w3.org/2000/svg"
        >
          <path
            d="M0 4.25a.75.75 0 0 1 .75-.75h7.5a.75.75 0 0 1 0 1.5H.75A.75.75 0 0 1 0 4.25Zm0 4a.75.75 0 0 1 .75-.75h4.5a.75.75 0 0 1 0 1.5H.75A.75.75 0 0 1 0 8.25Zm0 4a.75.75 0 0 1 .75-.75h2.5a.75.75 0 0 1 0 1.5H.75a.75.75 0 0 1-.75-.75ZM13.5 10h2.25a.25.25 0 0 1 .177.427l-3 3a.25.25 0 0 1-.354 0l-3-3A.25.25 0 0 1 9.75 10H12V3.75a.75.75 0 0 1 1.5 0V10Z"
          />
        </svg>
      </div>
       
      <span
        class="label svelte-1epk331"
      >
        Sort
      </span>
       
      <svg
        class="octicon octicon-chevron-down"
        height="16"
        slot="end"
        viewBox="0 0 16 16"
        width="16"
        xmlns="http://www.w3.org/2000/svg"
      >
        <path
          d="M12.78 5.22a.749.749 0 0 1 0 1.06l-4.25 4.25a.749.749 0 0 1-1.06 0L3.22 6.28a.749.749 0 1 1 1.06-1.06L8 8.939l3.72-3.719a.749.749 0 0 1 1.06 0Z"
        />
      </svg>
    </span>
    
  </div>
   
  <div
    class="dropdown svelte-v01npp open"
    style="left: 0px; top: 0px; display: block;"
  >
    <div
      class="menu svelte-nrjt2v"
      role="menu"
    >
      <div
        class="field options svelte-6mnr72"
      >
         
        <label
          class="field option svelte-6mnr72 active"
        >
          <input
            class="svelte-6mnr72"
            type="radio"
            value="created_at"
          />
           
          Date Created
           
        </label>
        <label
          class="field option svelte-6mnr72"
        >
          <input
            class="svelte-6mnr72"
            type="radio"
            value="title"
          />
           
          Title
           
        </label>
        <label
          class="field option svelte-6mnr72"
        >
          <input
            class="svelte-6mnr72"
            type="radio"
            value="page_count"
          />
           
          Total Pages
           
        </label>
      </div>
       
      <div
        class="order options svelte-6mnr72"
      >
        <label
          class="order option desc svelte-6mnr72 active"
        >
          <svg
            class="octicon octicon-sort-desc"
            height="16"
            viewBox="0 0 16 16"
            width="16"
            xmlns="http://www.w3.org/2000/svg"
          >
            <path
              d="M0 4.25a.75.75 0 0 1 .75-.75h7.5a.75.75 0 0 1 0 1.5H.75A.75.75 0 0 1 0 4.25Zm0 4a.75.75 0 0 1 .75-.75h4.5a.75.75 0 0 1 0 1.5H.75A.75.75 0 0 1 0 8.25Zm0 4a.75.75 0 0 1 .75-.75h2.5a.75.75 0 0 1 0 1.5H.75a.75.75 0 0 1-.75-.75ZM13.5 10h2.25a.25.25 0 0 1 .177.427l-3 3a.25.25 0 0 1-.354 0l-3-3A.25.25 0 0 1 9.75 10H12V3.75a.75.75 0 0 1 1.5 0V10Z"
            />
          </svg>
           
          <input
            class="svelte-6mnr72"
            type="radio"
            value="desc"
          />
           
          Descending
        </label>
         
        <label
          class="order option asc svelte-6mnr72"
        >
          <svg
            class="octicon octicon-sort-asc"
            height="16"
            viewBox="0 0 16 16"
            width="16"
            xmlns="http://www.w3.org/2000/svg"
          >
            <path
              d="m12.927 2.573 3 3A.25.25 0 0 1 15.75 6H13.5v6.75a.75.75 0 0 1-1.5 0V6H9.75a.25.25 0 0 1-.177-.427l3-3a.25.25 0 0 1 .354 0ZM0 12.25a.75.75 0 0 1 .75-.75h7.5a.75.75 0 0 1 0 1.5H.75a.75.75 0 0 1-.75-.75Zm0-4a.75.75 0 0 1 .75-.75h4.5a.75.75 0 0 1 0 1.5H.75A.75.75 0 0 1 0 8.25Zm0-4a.75.75 0 0 1 .75-.75h2.5a.75.75 0 0 1 0 1.5H.75A.75.75 0 0 1 0 4.25Z"
            />
          </svg>
           
          <input
            class="svelte-6mnr72"
            type="radio"
            value="asc"
          />
           
          Ascending
        </label>
      </div>
    </div>
  </div>
</div>
`;
